node: lc4anode

NTIMES: 200000
V_SIZE: 100000
threads_num: 4


old-style-statistics
  COPY: 6941.907268MB/s
COPY_V: 14334.177064MB/s
COPY_V_OMP: 16724.112202MB/s
COPY_OMP: 16959.886281MB/s
copy mx diff: 0.000000

statistic in ms, speedup
copy basic : 0.109903 1.000000
copy v     : 0.053225 2.064876
copy omp   : 0.044985 2.443116
copy v+omp : 0.045619 2.409152


old-style-statistics
   FMA: 6421.170639MB/s
 FMA_V: 11851.574525MB/s
 FMA_V_OMP: 12700.965951MB/s
 FMA_OMP: 12185.591560MB/s
 fma mx diff: 0.000000

statistic in ms, speedup
fma basic  : 0.178224 1.000000
fma v      : 0.096562 1.845703
fma omp    : 0.093915 1.897721
fma v+omp  : 0.090104 1.977983


old-style-statistics
  NORM: 0.000163s
NORM_V: 0.000040s
NORM_V_OMP: 0.000027s
NORM_OMP: 0.000027s
norm  : 2066667.625000
norm_v: 2066667.625000
norm mx_diff: 16.125000

statistic in ms, speedup
norm basic : 0.163119 1.000000
norm v     : 0.039791 4.099421
norm omp   : 0.026786 6.089768
norm v+omp : 0.026812 6.083704

